
> d3v7@1.0.0 build
> wp-scripts build

asset index.js 272 KiB [emitted] [minimized] [big] (name: index)
asset index.asset.php 84 bytes [emitted] (name: index)
Entrypoint index [big] 272 KiB = index.js 272 KiB index.asset.php 84 bytes
orphan modules 573 KiB [orphan] 1 module
./index.js + 1 modules 573 KiB [built] [code generated]

WARNING in asset size limit: The following asset(s) exceed the recommended size limit (244 KiB).
This can impact web performance.
Assets: 
  index.js (272 KiB)

WARNING in entrypoint size limit: The following entrypoint(s) combined asset size exceeds the recommended limit (244 KiB). This can impact web performance.
Entrypoints:
  index (272 KiB)
      index.js
      index.asset.php

WARNING in webpack performance recommendations: 
You can limit the size of your bundles by using import() or require.ensure to lazy load some parts of your application.
For more info visit https://webpack.js.org/guides/code-splitting/

webpack 5.106.2 compiled with 3 warnings in 11248 ms
