
> @prc/components@1.2.1 build
> wp-scripts build

assets by chunk 822 KiB (name: index)
  assets by path [1m[32m*.css[39m[22m 3.38 KiB
    asset [1m[32mindex-rtl.css[39m[22m 1.69 KiB [1m[32m[emitted][39m[22m (name: index)
    asset [1m[32mindex.css[39m[22m 1.69 KiB [1m[32m[emitted][39m[22m (name: index)
  asset [1m[33mindex.js[39m[22m [1m[33m818 KiB[39m[22m [1m[32m[emitted][39m[22m [1m[32m[minimized][39m[22m [1m[33m[big][39m[22m (name: index)
  asset [1m[32mindex.asset.php[39m[22m 449 bytes [1m[32m[emitted][39m[22m (name: index)
assets by path [1m[32m./*.css[39m[22m 366 KiB
  asset [1m[32m./style-index-rtl.css[39m[22m 183 KiB [1m[32m[emitted][39m[22m (name: ./style-index) (id hint: style)
  asset [1m[32m./style-index.css[39m[22m 183 KiB [1m[32m[emitted][39m[22m (name: ./style-index) (id hint: style)
Entrypoint [1mindex[39m[22m [1m[33m[big][39m[22m 1.16 MiB = 6 assets
orphan modules 11.2 MiB (javascript) 3.66 KiB (runtime) [1m[33m[orphan][39m[22m 5617 modules
runtime modules 4.47 KiB 7 modules
built modules 2.42 MiB (javascript) 185 KiB (css/mini-extract) [1m[33m[built][39m[22m
  javascript modules 2.42 MiB
    cacheable modules 94.7 KiB
      modules by path [1m../../../../../../../node_modules/use-sync-external-store/[39m[22m 5.03 KiB 4 modules
      modules by path [1m../../../../../../../node_modules/prop-types/[39m[22m 2.6 KiB 3 modules
      + 5 modules
    [1m./exports.ts + 1161 modules[39m[22m 2.33 MiB [1m[31m[not cacheable][39m[22m [1m[33m[built][39m[22m [1m[33m[code generated][39m[22m
    [1mexternal "React"[39m[22m 42 bytes [1m[33m[built][39m[22m [1m[33m[code generated][39m[22m
  css modules 185 KiB
    css ../../../../../../../node_modules/css-loader/dist/cjs.js??ruleSet[1].rules[3].use[1]!../../../../../../../node_modules/postcss-loader/dist/cjs.js??ruleSet[1].rules[3].use[2]!../../../../../../../node_modules/sass-loader/dist/cjs.js??ruleSet[1].rules[3].use[3]![1m./audience-build-panel/style.scss[39m[22m 89.6 KiB [1m[33m[built][39m[22m [1m[33m[code generated][39m[22m
    css ../../../../../../../node_modules/css-loader/dist/cjs.js??ruleSet[1].rules[3].use[1]!../../../../../../../node_modules/postcss-loader/dist/cjs.js??ruleSet[1].rules[3].use[2]!../../../../../../../node_modules/sass-loader/dist/cjs.js??ruleSet[1].rules[3].use[3]![1m./icon-picker/styles.scss[39m[22m 558 bytes [1m[33m[built][39m[22m [1m[33m[code generated][39m[22m
    css ../../../../../../../node_modules/css-loader/dist/cjs.js??ruleSet[1].rules[3].use[1]!../../../../../../../node_modules/postcss-loader/dist/cjs.js??ruleSet[1].rules[3].use[2]!../../../../../../../node_modules/sass-loader/dist/cjs.js??ruleSet[1].rules[3].use[3]![1m./ai/styles.scss[39m[22m 1.14 KiB [1m[33m[built][39m[22m [1m[33m[code generated][39m[22m
    css ../../../../../../../node_modules/css-loader/dist/cjs.js??ruleSet[1].rules[3].use[1]!../../../../../../../node_modules/postcss-loader/dist/cjs.js??ruleSet[1].rules[3].use[2]!../../../../../../../node_modules/sass-loader/dist/cjs.js??ruleSet[1].rules[3].use[3]![1m./settings-page/style.scss[39m[22m 93.5 KiB [1m[33m[built][39m[22m [1m[33m[code generated][39m[22m

[1m[33mWARNING[39m[22m in [1masset size limit: The following asset(s) exceed the recommended size limit (244 KiB).
This can impact web performance.
Assets: 
  index.js (818 KiB)[39m[22m

[1m[33mWARNING[39m[22m in [1mentrypoint size limit: The following entrypoint(s) combined asset size exceeds the recommended limit (244 KiB). This can impact web performance.
Entrypoints:
  index (1.16 MiB)
      ./style-index.css
      ./style-index-rtl.css
      index.css
      index.js
      index-rtl.css
      index.asset.php
[39m[22m

[1m[33mWARNING[39m[22m in [1mwebpack performance recommendations: 
You can limit the size of your bundles by using import() or require.ensure to lazy load some parts of your application.
For more info visit https://webpack.js.org/guides/code-splitting/[39m[22m

webpack 5.106.2 compiled with [1m[33m3 warnings[39m[22m in 9061 ms
